// Jest Snapshot v1, https://goo.gl/fbAQLP

exports[`<Matrix /> should render Matrix structure correctly 1`] = `
<div
  className="matrix-container"
>
  <Tile
    i={0}
    key="0"
  />
  <Tile
    i={1}
    key="1"
  />
  <Tile
    i={2}
    key="2"
  />
  <Tile
    i={3}
    key="3"
  />
  <Tile
    i={4}
    key="4"
  />
  <Tile
    i={5}
    key="5"
  />
  <Tile
    i={6}
    key="6"
  />
  <Tile
    i={7}
    key="7"
  />
  <Tile
    i={8}
    key="8"
  />
</div>
`;
